// Jest Snapshot v1, https://goo.gl/fbAQLP

exports[`App should match the snapshot 1`] = `
<div>
  <div>
    Markt Home Page
  </div>
  <footer
    class="sc-kvmDxl iAva"
  >
    <p
      class="sc-ZVgAE cEyIYj"
    >
      MARKT by 
      <i>
        Mizzica
      </i>
    </p>
    <nav
      aria-label="Footer navigation"
    >
      <div
        class="sc-dspCDH eFjVDu"
      >
        <a
          class="sc-fmtPfW hIZkS"
          href="/about"
        >
          About
        </a>
        <a
          class="sc-fmtPfW hIZkS"
          href="/privacy-policy"
        >
          Privacy Policy
        </a>
        <a
          class="sc-fmtPfW hIZkS"
          href="/terms-of-use"
        >
          Terms of Use
        </a>
        <a
          class="sc-fmtPfW hIZkS"
          href="/support"
        >
          Support / Report an issue
        </a>
      </div>
    </nav>
    <p
      class="sc-kUiVwB iCkLIl"
    >
      Â© 2024 All rights reserved.
    </p>
  </footer>
</div>
`;
