// Jest Snapshot v1, https://goo.gl/fbAQLP

exports[`NotFoundPage should match the snapshot 1`] = `
<div>
  <nav
    class="sc-blHHSb isZSSR"
  >
    <a
      aria-current="page"
      class="sc-gtLWhw dEihEB active"
      href="/"
    >
      Markt
    </a>
    <div
      class="sc-eauhAA gTACkZ"
    >
      <div
        class="sc-fFoeYl fxsTkD"
      >
        <input
          class="sc-gQaihK gTtECY"
          placeholder="Search...."
          type="text"
          value=""
        />
        <button
          class="sc-iuUfFv dXDhOe"
        >
          <svg
            fill="currentColor"
            height="1em"
            stroke="currentColor"
            stroke-width="0"
            viewBox="0 0 512 512"
            width="1em"
            xmlns="http://www.w3.org/2000/svg"
          >
            <path
              d="M505 442.7L405.3 343c-4.5-4.5-10.6-7-17-7H372c27.6-35.3 44-79.7 44-128C416 93.1 322.9 0 208 0S0 93.1 0 208s93.1 208 208 208c48.3 0 92.7-16.4 128-44v16.3c0 6.4 2.5 12.5 7 17l99.7 99.7c9.4 9.4 24.6 9.4 33.9 0l28.3-28.3c9.4-9.4 9.4-24.6.1-34zM208 336c-70.7 0-128-57.2-128-128 0-70.7 57.2-128 128-128 70.7 0 128 57.2 128 128 0 70.7-57.2 128-128 128z"
            />
          </svg>
        </button>
      </div>
    </div>
    <ul
      class="sc-egkSDF ckDOmE"
    >
      <li
        class="sc-fAUdSK dBokxb"
      >
        <a
          class="sc-dntaoT fXFXKj"
          href="/register"
        >
          Login/Register
        </a>
      </li>
    </ul>
  </nav>
  <div
    class="sc-iRVXky uEhcr"
  >
    <h1
      class="sc-ljhlHD iXXOos"
    >
      Page Not Found
    </h1>
    <p
      class="sc-bAEjGW fySqfq"
    >
      Oops! It looks like the page you are looking for does not exist. Enjoy this game while we have you here!
    </p>
    <div
      class="sc-enMaOJ fdyXHS"
    >
      <iframe
        height="100%"
        scrolling="no"
        src="https://chromedino.com/"
        style="overflow: hidden;"
        title="Dino Game"
        width="100%"
      />
    </div>
  </div>
</div>
`;
