// Jest Snapshot v1, https://goo.gl/fbAQLP

exports[`HomePage should match the snapshot 1`] = `
<div>
  <div
    data-testid="navbar"
  >
    Navbar
  </div>
  <img
    alt="Cover Image"
    src="/cover-image3.jpg"
    style="width: 100%; height: 400px; object-fit: cover; object-position: bottom;"
  />
  <div
    data-testid="explore-listings"
  >
    Explore Listings
  </div>
</div>
`;
